[2026-07-30 13:42:14.637] [sandbox] [info] Filesystem Module: Found 1 mounts in configuration.
[2026-07-30 13:42:14.637] [sandbox] [info] Mounting physical include '/home/jehud/CLionProjects/spectre/demo/resources/asteroid' to 'app://' (readonly: true)
[2026-07-30 13:42:14.638] [sandbox] [info] Registered serializer for type: 'Serializer'.
[2026-07-30 13:42:14.638] [sandbox] [info] [Serializer Module] Initialized successfully.
[2026-07-30 13:42:14.639] [sandbox] [info] Registered serializer for type: 'entity'.
[2026-07-30 13:42:14.639] [sandbox] [info] [Prefabs Module] Initialized successfully.
[2026-07-30 13:42:14.640] [sandbox] [info] [Scenes Module] Initializing...
[2026-07-30 13:42:14.640] [sandbox] [info] Registered serializer for type: 'Scene'.
[2026-07-30 13:42:14.641] [sandbox] [info] Registered serializer for type: 'State'.
[2026-07-30 13:42:14.641] [sandbox] [info] Registered serializer for type: 'StateUseSceneRelation'.
[2026-07-30 13:42:14.641] [sandbox] [info] Registered serializer for type: 'StateContext'.
[2026-07-30 13:42:14.641] [sandbox] [info] Registered serializer for type: 'SceneContext'.
[2026-07-30 13:42:14.642] [sandbox] [info] Registered serializer for type: 'DisableRendering'.
[2026-07-30 13:42:14.642] [sandbox] [info] Registered serializer for type: 'state'.
[2026-07-30 13:42:14.642] [sandbox] [info] Registered serializer for type: 'scene'.
[2026-07-30 13:42:14.642] [sandbox] [warning] [Scenes Module] Could not find 'scripts' serializer. Serialization might be incomplete.
[2026-07-30 13:42:14.642] [sandbox] [info] [Scenes Module] Initialized successfully.
[2026-07-30 13:42:14.643] [sandbox] [info] Registered serializer for type: 'Script'.
[2026-07-30 13:42:14.643] [sandbox] [info] Registered serializer for type: 'UseScriptOnCreateRelation'.
[2026-07-30 13:42:14.643] [sandbox] [info] Registered serializer for type: 'UseScriptOnDestroyRelation'.
[2026-07-30 13:42:14.644] [sandbox] [info] Registered serializer for type: 'UseScriptOnUpdateRelation'.
[2026-07-30 13:42:14.644] [sandbox] [info] Registered serializer for type: 'UseScriptOnEnterRelation'.
[2026-07-30 13:42:14.644] [sandbox] [info] Registered serializer for type: 'UseScriptOnExitRelation'.
[2026-07-30 13:42:14.644] [sandbox] [info] Registered serializer for type: 'UseScriptOnRenderRelation'.
[2026-07-30 13:42:14.644] [sandbox] [info] Registered serializer for type: 'scripts'.
[2026-07-30 13:42:14.644] [sandbox] [info] [Scripts Module] Initialized successfully.
[2026-07-30 13:42:14.645] [sandbox] [error] Failed to register serializer 'Resource': missing serialize or deserialize function pointers.
[2026-07-30 13:42:14.645] [sandbox] [error] Failed to register serializer 'ResourceLoader': missing serialize or deserialize function pointers.
[2026-07-30 13:42:14.645] [sandbox] [error] Failed to register serializer 'UseLoaderRelation': missing serialize or deserialize function pointers.
[2026-07-30 13:42:14.646] [sandbox] [error] Failed to register serializer 'ResourceFlag': missing serialize or deserialize function pointers.
[2026-07-30 13:42:14.646] [sandbox] [info] Registered serializer for type: 'resources'.
[2026-07-30 13:42:14.646] [sandbox] [info] [Resources Module] Initialized successfully.
[2026-07-30 13:42:14.646] [sandbox] [info] [Window Module] Initializing...
[2026-07-30 13:42:14.646] [sandbox] [info] Registered serializer for type: 'Window'.
[2026-07-30 13:42:14.647] [sandbox] [info] Registered serializer for type: 'InputState'.
[2026-07-30 13:42:14.647] [sandbox] [info] Registered serializer for type: 'window'.
[2026-07-30 13:42:14.647] [sandbox] [info] [Window Module] Initialized successfully.
[2026-07-30 13:42:14.647] [sandbox] [info] Starting Application Module
[2026-07-30 13:42:14.647] [sandbox] [info] Mounting physical include '/tmp/SandboxEngine/plugin_cache' to 'cache://' (readonly: false)
[2026-07-30 13:42:14.647] [sandbox] [info] Mounting physical include '/home/jehud/.local/share/SandboxEngine/saves' to 'save://' (readonly: false)
[2026-07-30 13:42:14.648] [sandbox] [info] Ingested app://configuration.json
[2026-07-30 13:42:14.648] [sandbox] [warning] Path does not exist or is not a directory: /home/jehud/CLionProjects/spectre/demo/resources/asteroid/plugins
[2026-07-30 13:42:14.648] [sandbox] [info] Application Module Initialized
[2026-07-30 13:42:14.648] [sandbox] [info] Registered serializer for type: 'renderer'.
[2026-07-30 13:42:14.649] [sandbox] [info] Registered serializer for type: 'Renderable'.
[2026-07-30 13:42:14.649] [sandbox] [info] Registered serializer for type: 'Transform2D'.
[2026-07-30 13:42:14.650] [sandbox] [info] Registered serializer for type: 'RectangleRenderable'.
[2026-07-30 13:42:14.651] [sandbox] [info] Registered serializer for type: 'CircleRenderable'.
[2026-07-30 13:42:14.651] [sandbox] [info] Registered serializer for type: 'PolygoneRenderable'.
[2026-07-30 13:42:14.652] [sandbox] [info] Registered serializer for type: 'CustomPolygoneRenderable'.
[2026-07-30 13:42:14.653] [sandbox] [info] Registered serializer for type: 'LigneRenderable'.
[2026-07-30 13:42:14.653] [sandbox] [info] Registered serializer for type: 'TextureRenderable'.
[2026-07-30 13:42:14.654] [sandbox] [info] Registered serializer for type: 'TextRenderable'.
[2026-07-30 13:42:14.654] [sandbox] [info] Registered serializer for type: 'Material'.
[2026-07-30 13:42:14.654] [sandbox] [info] [Renderer Module] Initialized successfully.
[2026-07-30 13:42:14.654] [sandbox] [info] [Runtime Module] Importing configurations...
[2026-07-30 13:42:14.656] [sandbox] [info] Registered serializer for type: 'PlayerStats'.
[2026-07-30 13:42:14.656] [sandbox] [info] [Components Module] Dynamically registered component 'PlayerStats' with size 25
[2026-07-30 13:42:14.704] [sandbox] [info] [Scripts Module] Successfully evaluated script: app://resources/scripts/TestScript.lua
Properties tests passed.
Filesystem service unavailable, skipping...
[2026-07-30 13:42:14.706] [sandbox] [info] Transform2D schema found and is_static: true
[2026-07-30 13:42:14.706] [sandbox] [info] PlayerStats schema found and is_static: false
Components tests passed.
[2026-07-30 13:42:14.706] [sandbox] [info] Lua API info test
[2026-07-30 13:42:14.706] [sandbox] [warning] Lua API warn test
[2026-07-30 13:42:14.706] [sandbox] [error] Lua API error test
Sandbox basic APIs tests passed.
Spectre basic APIs tests passed.
[2026-07-30 13:42:14.707] [sandbox] [info] [Scripts Module] Successfully evaluated script: app://resources/scripts/api_tests.lua
[2026-07-30 13:42:14.707] [sandbox] [error] [Scripts Module] Lua parse error: [string "app://resources/scripts/main.lua"]:23: 'end' expected (to close 'function' at line 3) near '<eof>'
[2026-07-30 13:42:14.709] [sandbox] [info] [Scripts Module] Successfully evaluated script: app://resources/scripts/externals/spectre.lua
[2026-07-30 13:42:14.742] [sandbox] [info] [Scripts Module] Successfully evaluated script: app://resources/scripts/externals/imgui.lua
[2026-07-30 13:42:14.747] [sandbox] [info] [Scripts Module] Successfully evaluated script: app://resources/scripts/externals/ecs.lua
[2026-07-30 13:42:14.748] [sandbox] [info] [Scripts Module] Successfully evaluated script: app://resources/scripts/externals/sandbox.lua
deserialize_color parsed: r=255, g=255, b=255, a=255
[2026-07-30 13:42:14.749] [sandbox] [info] [Prefabs Module] Registered prefab: 'RectanglePrefab'
deserialize_color parsed: r=255, g=50, b=50, a=255
[2026-07-30 13:42:14.752] [sandbox] [info] [Prefabs Module] Registered prefab: 'TextPrefab'
[2026-07-30 13:42:14.753] [sandbox] [info] [Scripts Module] deserialize_relation 'on_update' on target '' (id: 725) with 1 items
[2026-07-30 13:42:14.753] [sandbox] [error] [Scripts Module] Missing required argument 'self_id' for script 'on_update' in relation 'on_update'.
[2026-07-30 13:42:14.753] [sandbox] [info] [Scenes Module] Registered scene 'MainScene'.
[2026-07-30 13:42:14.753] [sandbox] [info] [Scenes Module] register_state JSON: {"name":"MainState","scenes":["MainScene"]}
[2026-07-30 13:42:14.753] [sandbox] [info] [Scenes Module] For state 'MainState', has(scripts)=false, serializer=609
[2026-07-30 13:42:14.754] [sandbox] [info] [Scenes Module] No scripts found in state properties for 'MainState'
[2026-07-30 13:42:14.754] [sandbox] [info] [Scenes Module] Attached scene 'MainScene' to state.
[2026-07-30 13:42:14.754] [sandbox] [info] [Scenes Module] Registered state 'MainState'.
INFO: Initializing raylib 6.0
INFO: Platform backend: DESKTOP (GLFW)
INFO: Supported raylib modules:
INFO:     > rcore:..... loaded (mandatory)
INFO:     > rlgl:...... loaded (mandatory)
INFO:     > rshapes:... loaded (optional)
INFO:     > rtextures:. loaded (optional)
INFO:     > rtext:..... loaded (optional)
INFO:     > rmodels:... loaded (optional)
INFO:     > raudio:.... loaded (optional)
INFO: DISPLAY: Trying to enable VSYNC
INFO: DISPLAY: Device initialized successfully 
INFO:     > Display size: 1080 x 1920
INFO:     > Screen size:  800 x 600
INFO:     > Render size:  800 x 600
INFO:     > Viewport offsets: 0, 0
INFO: GLAD: OpenGL extensions loaded successfully
INFO: GL: Supported extensions count: 384
INFO: GL: OpenGL device information:
INFO:     > Vendor:   NVIDIA Corporation
INFO:     > Renderer: NVIDIA GeForce GTX 970/PCIe/SSE2
INFO:     > Version:  3.3.0 NVIDIA 535.309.01
INFO:     > GLSL:     3.30 NVIDIA via Cg compiler
INFO: GL: VAO extension detected, VAO functions loaded successfully
INFO: GL: NPOT textures extension detected, full NPOT textures supported
INFO: GL: DXT compressed textures supported
INFO: GL: ETC2/EAC compressed textures supported
INFO: PLATFORM: DESKTOP (GLFW - X11): Initialized successfully
INFO: TEXTURE: [ID 1] Texture loaded successfully (1x1 | R8G8B8A8 | 1 mipmaps)
INFO: TEXTURE: [ID 1] Default texture loaded successfully
INFO: SHADER: [ID 1] Vertex shader compiled successfully
INFO: SHADER: [ID 2] Fragment shader compiled successfully
INFO: SHADER: [ID 3] Program shader loaded successfully
INFO: SHADER: [ID 3] Default shader loaded successfully
INFO: RLGL: Render batch vertex buffers loaded successfully in RAM (CPU)
INFO: RLGL: Render batch vertex buffers loaded successfully in VRAM (GPU)
INFO: RLGL: Default OpenGL state initialized successfully
INFO: TEXTURE: [ID 2] Texture loaded successfully (128x128 | GRAY_ALPHA | 1 mipmaps)
INFO: FONT: Default font loaded successfully (224 glyphs)
INFO: SYSTEM: Working Directory: /home/jehud/CLionProjects/spectre
[2026-07-30 13:42:15.010] [sandbox] [info] [Window Module] Window registered and created.
[2026-07-30 13:42:15.011] [sandbox] [info] [Scripts Module] execute_on_enter called on ''
[2026-07-30 13:42:15.011] [sandbox] [info] [Scripts Module] iterate_scripts on '' (id: 737)
[2026-07-30 13:42:15.011] [sandbox] [info] [Scripts Module] checking IsA prefab 'MainState' (id: 727)
[2026-07-30 13:42:15.011] [sandbox] [info] [Scripts Module] iterate_scripts on 'MainState' (id: 727)
[2026-07-30 13:42:15.011] [sandbox] [info] [Scripts Module] execute_on_enter called on ''
[2026-07-30 13:42:15.011] [sandbox] [info] [Scripts Module] iterate_scripts on '' (id: 738)
[2026-07-30 13:42:15.011] [sandbox] [info] [Scripts Module] checking IsA prefab 'MainScene' (id: 724)
[2026-07-30 13:42:15.011] [sandbox] [info] [Scripts Module] iterate_scripts on 'MainScene' (id: 724)
[2026-07-30 13:42:15.011] [sandbox] [info] [Scripts Module] execute_on_enter called on ''
[2026-07-30 13:42:15.012] [sandbox] [info] [Scripts Module] iterate_scripts on '' (id: 739)
[2026-07-30 13:42:15.012] [sandbox] [info] [Scripts Module] checking IsA prefab 'RectanglePrefab' (id: 722)
[2026-07-30 13:42:15.012] [sandbox] [info] [Scripts Module] iterate_scripts on 'RectanglePrefab' (id: 722)
[2026-07-30 13:42:15.012] [sandbox] [info] [Scripts Module] checking IsA prefab 'prefab' (id: 577)
[2026-07-30 13:42:15.012] [sandbox] [info] [Scripts Module] iterate_scripts on 'prefab' (id: 577)
[2026-07-30 13:42:15.012] [sandbox] [info] [Scripts Module] execute_on_enter called on ''
[2026-07-30 13:42:15.012] [sandbox] [info] [Scripts Module] iterate_scripts on '' (id: 740)
[2026-07-30 13:42:15.012] [sandbox] [info] [Scripts Module] checking IsA prefab 'TextPrefab' (id: 723)
[2026-07-30 13:42:15.012] [sandbox] [info] [Scripts Module] iterate_scripts on 'TextPrefab' (id: 723)
[2026-07-30 13:42:15.012] [sandbox] [info] [Scripts Module] checking IsA prefab 'prefab' (id: 577)
[2026-07-30 13:42:15.012] [sandbox] [info] [Scripts Module] iterate_scripts on 'prefab' (id: 577)
[2026-07-30 13:42:15.012] [sandbox] [info] [Scenes Module] Pushed state 'MainState'.
[2026-07-30 13:42:15.012] [sandbox] [info] [Runtime Module] Runtime initialization complete.
[2026-07-30 13:42:15.012] [sandbox] [info] [Runtime Module] Runtime loop started
INFO: IMAGE: Data loaded successfully (500x500 | R8G8B8 | 1 mipmaps)
INFO: TEXTURE: [ID 3] Texture loaded successfully (500x500 | R8G8B8 | 1 mipmaps)
[2026-07-30 13:42:15.018] [sandbox] [info] [Renderer Module] Applied filtering point to texture app://resources/textures/unknow.png
[2026-07-30 13:42:15.018] [sandbox] [info] [Renderer Module] Applied wrap mode repeat to texture app://resources/textures/unknow.png
INFO: TEXTURE: [ID 4] Texture loaded successfully (1024x512 | GRAY_ALPHA | 1 mipmaps)
INFO: FONT: Data loaded successfully (64 pixel size | 95 glyphs)
[2026-07-30 13:42:15.033] [sandbox] [info] [Renderer Module] Applied filtering point to font app://resources/fonts/Super Bouncer.ttf
INFO: TEXTURE: [ID 5] Texture loaded successfully (512x128 | R8G8B8A8 | 1 mipmaps)
